
> diyetisyen-sistemi@0.1.0 build
> next build

Ôû▓ Next.js 16.1.6 (Turbopack)
- Environments: .env.local

  Creating an optimized production build ...
Ô£ô Compiled successfully in 2.4s
  Running TypeScript ...
  Collecting page data using 5 workers ...
  Generating static pages using 5 workers (0/15) ...
  Generating static pages using 5 workers (3/15) 
  Generating static pages using 5 workers (7/15) 
  Generating static pages using 5 workers (11/15) 
Ô£ô Generating static pages using 5 workers (15/15) in 360.6ms
  Finalizing page optimization ...

Route (app)
Ôöî Ôùï /
Ôö£ Ôùï /_not-found
Ôö£ Ôùï /admin
Ôö£ Ôùï /admin/appointments
Ôö£ Ôùï /admin/clients
Ôö£ ãÆ /admin/clients/[id]/diet
Ôö£ Ôùï /admin/food
Ôö£ Ôùï /admin/reports
Ôö£ Ôùï /dashboard
Ôö£ Ôùï /dashboard/menu
Ôö£ Ôùï /dashboard/profile
Ôö£ Ôùï /dashboard/progress
Ôö£ Ôùï /login
Ôöö Ôùï /register


Ôùï  (Static)   prerendered as static content
ãÆ  (Dynamic)  server-rendered on demand

